// Vitest Snapshot v1, https://vitest.dev/guide/snapshot.html

exports[`keyTree > should derive consistent Curve25519 keys for the same path 1`] = `
{
  "public": Uint8Array [
    134,
    86,
    220,
    167,
    186,
    64,
    80,
    11,
    110,
    133,
    56,
    225,
    194,
    165,
    127,
    63,
    201,
    73,
    48,
    12,
    39,
    68,
    145,
    5,
    27,
    136,
    57,
    18,
    117,
    107,
    167,
    70,
  ],
  "secret": Uint8Array [
    189,
    82,
    78,
    52,
    230,
    132,
    72,
    16,
    89,
    214,
    130,
    63,
    132,
    205,
    217,
    243,
    197,
    201,
    110,
    56,
    175,
    7,
    159,
    113,
    168,
    230,
    108,
    199,
    112,
    140,
    89,
    140,
  ],
}
`;

exports[`keyTree > should derive consistent symmetric keys for the same path 1`] = `
Uint8Array [
  223,
  113,
  109,
  252,
  187,
  55,
  41,
  40,
  61,
  16,
  10,
  94,
  64,
  145,
  187,
  192,
  24,
  41,
  173,
  199,
  168,
  97,
  167,
  189,
  97,
  124,
  158,
  243,
  156,
  170,
  120,
  110,
]
`;
