// Vitest Snapshot v1, https://vitest.dev/guide/snapshot.html

exports[`keyTree > should derive consistent Curve25519 keys for the same path 1`] = `
{
  "public": Uint8Array [
    198,
    243,
    165,
    72,
    103,
    53,
    24,
    6,
    189,
    167,
    109,
    76,
    18,
    77,
    105,
    238,
    49,
    111,
    199,
    31,
    29,
    232,
    7,
    179,
    136,
    207,
    20,
    159,
    101,
    201,
    138,
    85,
  ],
  "secret": Uint8Array [
    188,
    91,
    162,
    9,
    21,
    2,
    65,
    174,
    92,
    124,
    27,
    130,
    26,
    22,
    208,
    253,
    226,
    227,
    44,
    232,
    187,
    159,
    233,
    196,
    41,
    156,
    225,
    43,
    179,
    53,
    174,
    61,
  ],
}
`;

exports[`keyTree > should derive consistent symmetric keys for the same path 1`] = `
Uint8Array [
  41,
  19,
  123,
  112,
  184,
  221,
  82,
  123,
  79,
  95,
  163,
  62,
  250,
  139,
  52,
  48,
  167,
  100,
  143,
  64,
  182,
  55,
  104,
  144,
  131,
  20,
  181,
  41,
  97,
  25,
  242,
  9,
]
`;
